<html>
<body>
<pre>
<h1>µVision Build Log</h1>
<h2>Project:</h2>
G:\STM32\MyStm32Pro\USER\USART.uvproj
Project File Date:  11/28/2018

<h2>Output:</h2>
Build target 'Target 1'
compiling main.c...
compiling stm32f10x_it.c...
compiling system_stm32f10x.c...
compiling led.c...
compiling key.c...
compiling delay.c...
compiling sys.c...
compiling core_cm3.c...
assembling startup_stm32f10x_hd.s...
compiling misc.c...
compiling stm32f10x_gpio.c...
compiling stm32f10x_rcc.c...
compiling stm32f10x_usart.c...
compiling stm32f10x_dma.c...
compiling stm32f10x_exti.c...
compiling stm32f10x_adc.c...
compiling stm32f10x_bkp.c...
compiling stm32f10x_pwr.c...
compiling stm32f10x_rtc.c...
compiling stm32f10x_tim.c...
compiling stm32f10x_iwdg.c...
compiling stm32f10x_wwdg.c...
compiling stm32f10x_spi.c...
compiling stm32f10x_sdio.c...
compiling SK_Sys.c...
..\SYSTEM\SK_Sys.c(890): warning:  #550-D: variable "clr" was set but never used
..\SYSTEM\SK_Sys.c:           uint8_t clr = 0;
..\SYSTEM\SK_Sys.c:                   ^
..\SYSTEM\SK_Sys.c: ..\SYSTEM\SK_Sys.c: 1 warning, 0 errors
compiling sk_spi_flash.c...
compiling sk_mirco_sd_card.c...
compiling sk_print.c...
compiling sk_pwm.c...
..\SYSTEM\sk_pwm\sk_pwm.c(115): warning:  #177-D: variable "cnt" was declared but never referenced
..\SYSTEM\sk_pwm\sk_pwm.c:       static uint32_t cnt = 0;
..\SYSTEM\sk_pwm\sk_pwm.c:                       ^
..\SYSTEM\sk_pwm\sk_pwm.c: ..\SYSTEM\sk_pwm\sk_pwm.c: 1 warning, 0 errors
linking...
Program Size: Code=18696 RO-data=336 RW-data=88 ZI-data=22136  
FromELF: creating hex file...
"..\OBJ\USART.axf" - 0 Error(s), 2 Warning(s).
